00000003
00000003
00000003
00000003
00000004
00000001
00000004
00000001
00000001
00000004
00000002
00000002
00000004
00000003
00000001
00000004
00000004
00000004
000000f0
0000002e
00000002
0000002e
000000f0
00000002
00000085
0000000d
00000001
00000100
00000082
00000002
