00015180
000005dc
0000012c
7ffffffe
0ffffffe
0000000e
7fffffff
00000001
00000001
